$ cd repositories/iury-almeida/CalculatorAgent/client && npm run build && npm test -- --run
# exit 0 — 2026-09-21T21:26:40.645Z


> calculator-client@1.0.0 build
> vite build

[36mvite v5.4.21 [32mbuilding for production...[36m[39m
transforming...
[32m✓[39m 13 modules transformed.
rendering chunks...
computing gzip size...
[2mdist/[22m[32mindex.html                 [39m[1m[2m 0.39 kB[22m[1m[22m[2m │ gzip:  0.27 kB[22m
[2mdist/[22m[35massets/index-CHEaVA-5.css  [39m[1m[2m 2.20 kB[22m[1m[22m[2m │ gzip:  0.85 kB[22m
[2mdist/[22m[36massets/index-D9aTwwiq.js   [39m[1m[2m66.21 kB[22m[1m[22m[2m │ gzip: 26.08 kB[22m
[32m✓ built in 754ms[39m

> calculator-client@1.0.0 test
> vitest --coverage --run


[7m[1m[36m RUN [39m[22m[27m [36mv1.6.1[39m [90mC:/Users/xbox3/Documents/ProjectsWithAgents/calculator/repositories/iury-almeida/CalculatorAgent/client[39m
[2m      Coverage enabled with [22m[33mv8[39m

 [32m✓[39m src/components/Calculator.test.js [2m ([22m[2m20 tests[22m[2m)[22m[90m 175[2mms[22m[39m

[2m Test Files [22m [1m[32m1 passed[39m[22m[90m (1)[39m
[2m      Tests [22m [1m[32m20 passed[39m[22m[90m (20)[39m
[2m   Start at [22m 18:26:38
[2m   Duration [22m 2.07s[2m (transform 123ms, setup 0ms, collect 231ms, tests 175ms, environment 955ms, prepare 247ms)[22m

[34m % [39m[2mCoverage report from [22m[33mv8[39m
----------------|---------|----------|---------|---------|-------------------
File            | % Stmts | % Branch | % Funcs | % Lines | Uncovered Line #s 
----------------|---------|----------|---------|---------|-------------------
All files       |     100 |    98.24 |      85 |     100 |                   
 Calculator.vue |     100 |    98.24 |      85 |     100 | 19                
----------------|---------|----------|---------|---------|-------------------
